// Jest Snapshot v1, https://goo.gl/fbAQLP

exports[`should match LandingPage snapshot 1`] = `
<div
  className="landingPage"
  data-testid="LandingPage"
>
  <div
    className="header"
  >
    <h1>
      Reactron
    </h1>
  </div>
  <div
    className="instructions"
  >
    <p>
      In order for Reactron to process your application files correctly, please follow these instructions. 
      <br />
      If you have a CSS or SCSS file you would like processed, please upload it under the Static Directory. 
      <br />
      Reactron will look for an 
      <b>
        index.js
      </b>
       file that connects to an
       
      <b>
        App.jsx
      </b>
       component. Please upload your index.js, App.jsx, and any other component files in one directory under the Component Directory below.
    </p>
  </div>
  <div
    className="staticInstr"
  >
    <p>
      <b>
        StaticDirectory
      </b>
      <br />
       
      <i>
        Example
      </i>
      <br />
       - style.css
      <br />
       
      <b>
        or
      </b>
      <br />
       - style.scss
      <br />
      <br />
    </p>
  </div>
  <div
    className="componentInstr"
  >
    <p>
      <b>
        Component Directory
      </b>
      <br />
       
      <i>
        Example
      </i>
      <br />
       - index.js
      <br />
       - App.jsx
      <br />
       - Component1.jsx
      <br />
       - Component2.jsx
    </p>
  </div>
  <div
    className="staticFiles"
  >
    <b>
      Static Files
    </b>
    <p>
      Please upload your static directory here.
    </p>
    <p>
      
    </p>
    <button
      className="button"
      id="static"
      onClick={[Function]}
    >
      Select File Here
    </button>
  </div>
  <div
    className="componentFiles"
  >
    <b>
      Component Files
    </b>
    <p>
      Please upload your component files here.
    </p>
    <p>
      
    </p>
    <button
      className="button"
      id="component"
      onClick={[Function]}
    >
      Select File Here
    </button>
  </div>
  
</div>
`;
